
> landing@0.1.0 build
> next build

   ▲ Next.js 15.5.20
   - Environments: .env.local

   Creating an optimized production build ...
 ✓ Compiled successfully in 1646ms
   Linting and checking validity of types ...

 ⚠ The Next.js plugin was not detected in your ESLint configuration. See https://nextjs.org/docs/app/api-reference/config/eslint#migrating-existing-config
   Collecting page data ...
News triggers were not created because the MySQL user lacks trigger/binlog privileges. Falling back to sync-on-read.
   Generating static pages (0/65) ...
   Generating static pages (16/65) 
News triggers were not created because the MySQL user lacks trigger/binlog privileges. Falling back to sync-on-read.
News triggers were not created because the MySQL user lacks trigger/binlog privileges. Falling back to sync-on-read.
Error occurred prerendering page "/article/matcha-101-kiat-kiat-jepang-untuk-menjaga-keaslian-matcha". Read more: https://nextjs.org/docs/messages/prerender-error
Error: Deadlock found when trying to get lock; try restarting transaction
    at s (.next/server/chunks/231.js:1:5025)
    at async D (.next/server/chunks/231.js:230:654)
    at async H (.next/server/chunks/231.js:230:1915)
    at async u (.next/server/app/article/[slug]/page.js:1:22006) {
  code: 'ER_LOCK_DEADLOCK',
  errno: 1213,
  sqlState: '40001',
  sqlMessage: 'Deadlock found when trying to get lock; try restarting transaction',
  sql: 'CALL sync_all_news()',
  digest: '1615220104'
}
Export encountered an error on /article/[slug]/page: /article/matcha-101-kiat-kiat-jepang-untuk-menjaga-keaslian-matcha, exiting the build.
 ⨯ Next.js build worker exited with code: 1 and signal: null
npm error Lifecycle script `build` failed with error:
npm error code 1
npm error path /Applications/Project/nandenihon-ai/apps/landing
npm error workspace landing@0.1.0
npm error location /Applications/Project/nandenihon-ai/apps/landing
npm error command failed
npm error command sh -c next build
